// Vitest Snapshot v1, https://vitest.dev/guide/snapshot.html

exports[`drag > destroy 1`] = `
"<!DOCTYPE html><html lang="en"><head>
    <link rel="icon" href="data:image/svg+xml,<svg xmlns=%22http://www.w3.org/2000/svg%22 viewBox=%220 0 100 100%22><text y=%22.9em%22 font-size=%2290%22>🍯</text></svg>">
    <meta charset="UTF-8">
    <meta name="viewport" content="width=device-width, initial-scale=1.0">
    <title>Drag</title>
    <script type="module" crossorigin="" src="/assets/drag-CCVgOnB8.js"></script>
    <link rel="modulepreload" crossorigin="" href="/assets/_parent-PLeNLLls.js">
    <link rel="stylesheet" crossorigin="" href="/assets/marquee-ybAlwBfl.css">
  </head>
  <body>
    <div class="c-drag" style="width: 200px; height: 200px;">
      <p>Lorem ipsum <a href="#">dolor sit amet</a> consectetur adipisicing elit. Consequatur, id? Dolorum cum est ipsum praesentium mollitia quod saepe nemo doloribus, aliquid dolore laudantium consequuntur alias facere veritatis magni, adipisci fugit.</p>
      <p>Lorem ipsum dolor sit, amet consectetur adipisicing elit. Pariatur, est dolore. Vel ducimus incidunt labore, ipsum necessitatibus omnis qui! Consectetur molestiae ipsam repellendus illum hic veritatis. <a href="#">Consequuntur impedit</a> animi voluptatum.</p>
    </div>
    <button class="js-destroy">
      Destroy
    </button>
  

</body></html>"
`;
