// Vitest Snapshot v1, https://vitest.dev/guide/snapshot.html

exports[`dropdown > destroy 1`] = `
"<!DOCTYPE html><html lang="en"><head>
    <link rel="icon" href="data:image/svg+xml,<svg xmlns=%22http://www.w3.org/2000/svg%22 viewBox=%220 0 100 100%22><text y=%22.9em%22 font-size=%2290%22>üçØ</text></svg>">
    <meta charset="UTF-8">
    <meta name="viewport" content="width=device-width, initial-scale=1.0">
    <title>Dropdown</title>
    <script type="module" crossorigin="" src="/assets/dropdown-CePkjNFb.js"></script>
    <link rel="modulepreload" crossorigin="" href="/assets/_parent-PLeNLLls.js">
    <link rel="modulepreload" crossorigin="" href="/assets/index.esm-CjV0_wFH.js">
    <link rel="modulepreload" crossorigin="" href="/assets/accessibility-DQSUv1PD.js">
    <link rel="stylesheet" crossorigin="" href="/assets/marquee-ybAlwBfl.css">
  </head>
  <body>
    <div class="c-dropdown" style="margin-top: 2rem;">
      <button class="c-dropdown-trigger" aria-expanded="false" aria-haspopup="true">
        Basic Dropdown
      </button>
      <div class="c-dropdown-container" id="dropdown-container">
        Hello World
      </div>
    </div>
    <button class="js-destroy">
      Destroy
    </button>
  

</body></html>"
`;
